Archive member included to satisfy reference by file (symbol)

/Applications/STM32CubeIDE.app/Contents/Eclipse/plugins/com.st.stm32cube.ide.mcu.externaltools.gnu-tools-for-stm32.14.3.rel1.macosaarch64_1.0.0.202602081740/tools/bin/../lib/gcc/arm-none-eabi/14.3.1/../../../../arm-none-eabi/lib/thumb/v7e-m+fp/hard/libc_nano.a(libc_a-exit.o)
                              /Applications/STM32CubeIDE.app/Contents/Eclipse/plugins/com.st.stm32cube.ide.mcu.externaltools.gnu-tools-for-stm32.14.3.rel1.macosaarch64_1.0.0.202602081740/tools/bin/../lib/gcc/arm-none-eabi/14.3.1/../../../../arm-none-eabi/lib/thumb/v7e-m+fp/hard/crt0.o (exit)
/Applications/STM32CubeIDE.app/Contents/Eclipse/plugins/com.st.stm32cube.ide.mcu.externaltools.gnu-tools-for-stm32.14.3.rel1.macosaarch64_1.0.0.202602081740/tools/bin/../lib/gcc/arm-none-eabi/14.3.1/../../../../arm-none-eabi/lib/thumb/v7e-m+fp/hard/libc_nano.a(libc_a-malloc.o)
                              ./Core/Src/schedule_controller.o (malloc)
/Applications/STM32CubeIDE.app/Contents/Eclipse/plugins/com.st.stm32cube.ide.mcu.externaltools.gnu-tools-for-stm32.14.3.rel1.macosaarch64_1.0.0.202602081740/tools/bin/../lib/gcc/arm-none-eabi/14.3.1/../../../../arm-none-eabi/lib/thumb/v7e-m+fp/hard/libc_nano.a(libc_a-mallocr.o)
                              /Applications/STM32CubeIDE.app/Contents/Eclipse/plugins/com.st.stm32cube.ide.mcu.externaltools.gnu-tools-for-stm32.14.3.rel1.macosaarch64_1.0.0.202602081740/tools/bin/../lib/gcc/arm-none-eabi/14.3.1/../../../../arm-none-eabi/lib/thumb/v7e-m+fp/hard/libc_nano.a(libc_a-malloc.o) (_malloc_r)
/Applications/STM32CubeIDE.app/Contents/Eclipse/plugins/com.st.stm32cube.ide.mcu.externaltools.gnu-tools-for-stm32.14.3.rel1.macosaarch64_1.0.0.202602081740/tools/bin/../lib/gcc/arm-none-eabi/14.3.1/../../../../arm-none-eabi/lib/thumb/v7e-m+fp/hard/libc_nano.a(libc_a-mlock.o)
                              /Applications/STM32CubeIDE.app/Contents/Eclipse/plugins/com.st.stm32cube.ide.mcu.externaltools.gnu-tools-for-stm32.14.3.rel1.macosaarch64_1.0.0.202602081740/tools/bin/../lib/gcc/arm-none-eabi/14.3.1/../../../../arm-none-eabi/lib/thumb/v7e-m+fp/hard/libc_nano.a(libc_a-mallocr.o) (__malloc_lock)
/Applications/STM32CubeIDE.app/Contents/Eclipse/plugins/com.st.stm32cube.ide.mcu.externaltools.gnu-tools-for-stm32.14.3.rel1.macosaarch64_1.0.0.202602081740/tools/bin/../lib/gcc/arm-none-eabi/14.3.1/../../../../arm-none-eabi/lib/thumb/v7e-m+fp/hard/libc_nano.a(libc_a-realloc.o)
                              ./Core/Src/schedule_controller.o (realloc)
/Applications/STM32CubeIDE.app/Contents/Eclipse/plugins/com.st.stm32cube.ide.mcu.externaltools.gnu-tools-for-stm32.14.3.rel1.macosaarch64_1.0.0.202602081740/tools/bin/../lib/gcc/arm-none-eabi/14.3.1/../../../../arm-none-eabi/lib/thumb/v7e-m+fp/hard/libc_nano.a(libc_a-findfp.o)
                              /Applications/STM32CubeIDE.app/Contents/Eclipse/plugins/com.st.stm32cube.ide.mcu.externaltools.gnu-tools-for-stm32.14.3.rel1.macosaarch64_1.0.0.202602081740/tools/bin/../lib/gcc/arm-none-eabi/14.3.1/../../../../arm-none-eabi/lib/thumb/v7e-m+fp/hard/libc_nano.a(libc_a-exit.o) (__stdio_exit_handler)
/Applications/STM32CubeIDE.app/Contents/Eclipse/plugins/com.st.stm32cube.ide.mcu.externaltools.gnu-tools-for-stm32.14.3.rel1.macosaarch64_1.0.0.202602081740/tools/bin/../lib/gcc/arm-none-eabi/14.3.1/../../../../arm-none-eabi/lib/thumb/v7e-m+fp/hard/libc_nano.a(libc_a-reallocr.o)
                              /Applications/STM32CubeIDE.app/Contents/Eclipse/plugins/com.st.stm32cube.ide.mcu.externaltools.gnu-tools-for-stm32.14.3.rel1.macosaarch64_1.0.0.202602081740/tools/bin/../lib/gcc/arm-none-eabi/14.3.1/../../../../arm-none-eabi/lib/thumb/v7e-m+fp/hard/libc_nano.a(libc_a-realloc.o) (_realloc_r)
/Applications/STM32CubeIDE.app/Contents/Eclipse/plugins/com.st.stm32cube.ide.mcu.externaltools.gnu-tools-for-stm32.14.3.rel1.macosaarch64_1.0.0.202602081740/tools/bin/../lib/gcc/arm-none-eabi/14.3.1/../../../../arm-none-eabi/lib/thumb/v7e-m+fp/hard/libc_nano.a(libc_a-fwalk.o)
                              /Applications/STM32CubeIDE.app/Contents/Eclipse/plugins/com.st.stm32cube.ide.mcu.externaltools.gnu-tools-for-stm32.14.3.rel1.macosaarch64_1.0.0.202602081740/tools/bin/../lib/gcc/arm-none-eabi/14.3.1/../../../../arm-none-eabi/lib/thumb/v7e-m+fp/hard/libc_nano.a(libc_a-findfp.o) (_fwalk_sglue)
/Applications/STM32CubeIDE.app/Contents/Eclipse/plugins/com.st.stm32cube.ide.mcu.externaltools.gnu-tools-for-stm32.14.3.rel1.macosaarch64_1.0.0.202602081740/tools/bin/../lib/gcc/arm-none-eabi/14.3.1/../../../../arm-none-eabi/lib/thumb/v7e-m+fp/hard/libc_nano.a(libc_a-memset.o)
                              /Applications/STM32CubeIDE.app/Contents/Eclipse/plugins/com.st.stm32cube.ide.mcu.externaltools.gnu-tools-for-stm32.14.3.rel1.macosaarch64_1.0.0.202602081740/tools/bin/../lib/gcc/arm-none-eabi/14.3.1/../../../../arm-none-eabi/lib/thumb/v7e-m+fp/hard/crt0.o (memset)
[...]
Memory Configuration

Name             Origin             Length             Attributes
RAM              0x20000000         0x00018000         xrw
RAM2             0x10000000         0x00008000         xrw
FLASH            0x08000000         0x00100000         xr
*default*        0x00000000         0xffffffff

Linker script and memory map

LOAD /Applications/STM32CubeIDE.app/Contents/Eclipse/plugins/com.st.stm32cube.ide.mcu.externaltools.gnu-tools-for-stm32.14.3.rel1.macosaarch64_1.0.0.202602081740/tools/bin/../lib/gcc/arm-none-eabi/14.3.1/thumb/v7e-m+fp/hard/crti.o
LOAD /Applications/STM32CubeIDE.app/Contents/Eclipse/plugins/com.st.stm32cube.ide.mcu.externaltools.gnu-tools-for-stm32.14.3.rel1.macosaarch64_1.0.0.202602081740/tools/bin/../lib/gcc/arm-none-eabi/14.3.1/thumb/v7e-m+fp/hard/crtbegin.o
LOAD /Applications/STM32CubeIDE.app/Contents/Eclipse/plugins/com.st.stm32cube.ide.mcu.externaltools.gnu-tools-for-stm32.14.3.rel1.macosaarch64_1.0.0.202602081740/tools/bin/../lib/gcc/arm-none-eabi/14.3.1/../../../../arm-none-eabi/lib/thumb/v7e-m+fp/hard/crt0.o
LOAD ./Core/Src/led/led_controller.o
LOAD ./Core/Src/main.o
LOAD ./Core/Src/schedule_controller.o
LOAD ./Core/Src/stm32l4xx_hal_msp.o
LOAD ./Core/Src/stm32l4xx_it.o
LOAD ./Core/Src/syscalls.o
LOAD ./Core/Src/sysmem.o
LOAD ./Core/Src/system_stm32l4xx.o
LOAD ./Core/Src/utils/utils.o
LOAD ./Core/Startup/startup_stm32l476rgtx.o
LOAD ./Drivers/STM32L4xx_HAL_Driver/Src/stm32l4xx_hal.o
LOAD ./Drivers/STM32L4xx_HAL_Driver/Src/stm32l4xx_hal_cortex.o
LOAD ./Drivers/STM32L4xx_HAL_Driver/Src/stm32l4xx_hal_dma.o
LOAD ./Drivers/STM32L4xx_HAL_Driver/Src/stm32l4xx_hal_dma_ex.o
LOAD ./Drivers/STM32L4xx_HAL_Driver/Src/stm32l4xx_hal_exti.o
LOAD ./Drivers/STM32L4xx_HAL_Driver/Src/stm32l4xx_hal_flash.o
LOAD ./Drivers/STM32L4xx_HAL_Driver/Src/stm32l4xx_hal_flash_ex.o
LOAD ./Drivers/STM32L4xx_HAL_Driver/Src/stm32l4xx_hal_flash_ramfunc.o
LOAD ./Drivers/STM32L4xx_HAL_Driver/Src/stm32l4xx_hal_gpio.o
LOAD ./Drivers/STM32L4xx_HAL_Driver/Src/stm32l4xx_hal_i2c.o
LOAD ./Drivers/STM32L4xx_HAL_Driver/Src/stm32l4xx_hal_i2c_ex.o
LOAD ./Drivers/STM32L4xx_HAL_Driver/Src/stm32l4xx_hal_pwr.o
LOAD ./Drivers/STM32L4xx_HAL_Driver/Src/stm32l4xx_hal_pwr_ex.o
LOAD ./Drivers/STM32L4xx_HAL_Driver/Src/stm32l4xx_hal_rcc.o
LOAD ./Drivers/STM32L4xx_HAL_Driver/Src/stm32l4xx_hal_rcc_ex.o
LOAD ./Drivers/STM32L4xx_HAL_Driver/Src/stm32l4xx_hal_uart.o
LOAD ./Drivers/STM32L4xx_HAL_Driver/Src/stm32l4xx_hal_uart_ex.o
START GROUP
LOAD /Applications/STM32CubeIDE.app/Contents/Eclipse/plugins/com.st.stm32cube.ide.mcu.externaltools.gnu-tools-for-stm32.14.3.rel1.macosaarch64_1.0.0.202602081740/tools/bin/../lib/gcc/arm-none-eabi/14.3.1/../../../../arm-none-eabi/lib/thumb/v7e-m+fp/hard/libc_nano.a
LOAD /Applications/STM32CubeIDE.app/Contents/Eclipse/plugins/com.st.stm32cube.ide.mcu.externaltools.gnu-tools-for-stm32.14.3.rel1.macosaarch64_1.0.0.202602081740/tools/bin/../lib/gcc/arm-none-eabi/14.3.1/../../../../arm-none-eabi/lib/thumb/v7e-m+fp/hard/libm.a
END GROUP
START GROUP
LOAD /Applications/STM32CubeIDE.app/Contents/Eclipse/plugins/com.st.stm32cube.ide.mcu.externaltools.gnu-tools-for-stm32.14.3.rel1.macosaarch64_1.0.0.202602081740/tools/bin/../lib/gcc/arm-none-eabi/14.3.1/thumb/v7e-m+fp/hard/libgcc.a
LOAD /Applications/STM32CubeIDE.app/Contents/Eclipse/plugins/com.st.stm32cube.ide.mcu.externaltools.gnu-tools-for-stm32.14.3.rel1.macosaarch64_1.0.0.202602081740/tools/bin/../lib/gcc/arm-none-eabi/14.3.1/../../../../arm-none-eabi/lib/thumb/v7e-m+fp/hard/libc_nano.a
END GROUP
START GROUP
LOAD /Applications/STM32CubeIDE.app/Contents/Eclipse/plugins/com.st.stm32cube.ide.mcu.externaltools.gnu-tools-for-stm32.14.3.rel1.macosaarch64_1.0.0.202602081740/tools/bin/../lib/gcc/arm-none-eabi/14.3.1/thumb/v7e-m+fp/hard/libgcc.a
LOAD /Applications/STM32CubeIDE.app/Contents/Eclipse/plugins/com.st.stm32cube.ide.mcu.externaltools.gnu-tools-for-stm32.14.3.rel1.macosaarch64_1.0.0.202602081740/tools/bin/../lib/gcc/arm-none-eabi/14.3.1/../../../../arm-none-eabi/lib/thumb/v7e-m+fp/hard/libc_nano.a
LOAD /Applications/STM32CubeIDE.app/Contents/Eclipse/plugins/com.st.stm32cube.ide.mcu.externaltools.gnu-tools-for-stm32.14.3.rel1.macosaarch64_1.0.0.202602081740/tools/bin/../lib/gcc/arm-none-eabi/14.3.1/../../../../arm-none-eabi/lib/thumb/v7e-m+fp/hard/libnosys.a
END GROUP
START GROUP
LOAD /Applications/STM32CubeIDE.app/Contents/Eclipse/plugins/com.st.stm32cube.ide.mcu.externaltools.gnu-tools-for-stm32.14.3.rel1.macosaarch64_1.0.0.202602081740/tools/bin/../lib/gcc/arm-none-eabi/14.3.1/thumb/v7e-m+fp/hard/libgcc.a
LOAD /Applications/STM32CubeIDE.app/Contents/Eclipse/plugins/com.st.stm32cube.ide.mcu.externaltools.gnu-tools-for-stm32.14.3.rel1.macosaarch64_1.0.0.202602081740/tools/bin/../lib/gcc/arm-none-eabi/14.3.1/../../../../arm-none-eabi/lib/thumb/v7e-m+fp/hard/libc_nano.a
LOAD /Applications/STM32CubeIDE.app/Contents/Eclipse/plugins/com.st.stm32cube.ide.mcu.externaltools.gnu-tools-for-stm32.14.3.rel1.macosaarch64_1.0.0.202602081740/tools/bin/../lib/gcc/arm-none-eabi/14.3.1/../../../../arm-none-eabi/lib/thumb/v7e-m+fp/hard/libnosys.a
END GROUP
LOAD /Applications/STM32CubeIDE.app/Contents/Eclipse/plugins/com.st.stm32cube.ide.mcu.externaltools.gnu-tools-for-stm32.14.3.rel1.macosaarch64_1.0.0.202602081740/tools/bin/../lib/gcc/arm-none-eabi/14.3.1/thumb/v7e-m+fp/hard/crtend.o
LOAD /Applications/STM32CubeIDE.app/Contents/Eclipse/plugins/com.st.stm32cube.ide.mcu.externaltools.gnu-tools-for-stm32.14.3.rel1.macosaarch64_1.0.0.202602081740/tools/bin/../lib/gcc/arm-none-eabi/14.3.1/thumb/v7e-m+fp/hard/crtn.o
                0x20018000                        _estack = (ORIGIN (RAM) + LENGTH (RAM))
                0x00000200                        _Min_Heap_Size = 0x200
                0x00000400                        _Min_Stack_Size = 0x400

.isr_vector     0x08000000      0x188
                0x08000000                        . = ALIGN (0x4)
 *(.isr_vector)
 .isr_vector    0x08000000      0x188 ./Core/Startup/startup_stm32l476rgtx.o
                0x08000000                g_pfnVectors
                0x08000188                        . = ALIGN (0x4)

.text           0x08000188     0x38f0
                0x08000188                        . = ALIGN (0x4)
 *(.text)
 .text          0x08000188       0x40 /Applications/STM32CubeIDE.app/Contents/Eclipse/plugins/com.st.stm32cube.ide.mcu.externaltools.gnu-tools-for-stm32.14.3.rel1.macosaarch64_1.0.0.202602081740/tools/bin/../lib/gcc/arm-none-eabi/14.3.1/thumb/v7e-m+fp/hard/crtbegin.o
 .text          0x080001c8       0x30 /Applications/STM32CubeIDE.app/Contents/Eclipse/plugins/com.st.stm32cube.ide.mcu.externaltools.gnu-tools-for-stm32.14.3.rel1.macosaarch64_1.0.0.202602081740/tools/bin/../lib/gcc/arm-none-eabi/14.3.1/thumb/v7e-m+fp/hard/libgcc.a(_aeabi_uldivmod.o)
                0x080001c8                __aeabi_uldivmod
 .text          0x080001f8      0x2f8 /Applications/STM32CubeIDE.app/Contents/Eclipse/plugins/com.st.stm32cube.ide.mcu.externaltools.gnu-tools-for-stm32.14.3.rel1.macosaarch64_1.0.0.202602081740/tools/bin/../lib/gcc/arm-none-eabi/14.3.1/thumb/v7e-m+fp/hard/libgcc.a(_udivmoddi4.o)
                0x080001f8                __udivmoddi4
 .text          0x080004f0        0x4 /Applications/STM32CubeIDE.app/Contents/Eclipse/plugins/com.st.stm32cube.ide.mcu.externaltools.gnu-tools-for-stm32.14.3.rel1.macosaarch64_1.0.0.202602081740/tools/bin/../lib/gcc/arm-none-eabi/14.3.1/thumb/v7e-m+fp/hard/libgcc.a(_dvmd_tls.o)
                0x080004f0                __aeabi_ldiv0
                0x080004f0                __aeabi_idiv0
 *(.text*)
 .text.toggle_led
                0x080004f4       0x1e ./Core/Src/led/led_controller.o
 .text.turn_off_led
                0x08000512       0x16 ./Core/Src/led/led_controller.o
 .text.turn_on_led
                0x08000528       0x16 ./Core/Src/led/led_controller.o
 *fill*         0x0800053e        0x2 
 .text.LED_Controller_Init
                0x08000540       0x3c ./Core/Src/led/led_controller.o
                0x08000540                LED_Controller_Init
 .text.LED_Controller_SetAnimation
                0x0800057c       0x84 ./Core/Src/led/led_controller.o
                0x0800057c                LED_Controller_SetAnimation
 .text.LED_Controller_Process
                0x08000600        0xe ./Core/Src/led/led_controller.o
                0x08000600                LED_Controller_Process
 *fill*         0x0800060e        0x2 
 .text.LED_Controller_NextAnimation
                0x08000610       0x3c ./Core/Src/led/led_controller.o
                0x08000610                LED_Controller_NextAnimation
 .text.LED_Controller_PrevAnimation
                0x0800064c       0x3c ./Core/Src/led/led_controller.o
                0x0800064c                LED_Controller_PrevAnimation
 .text.blink_toggle_cb
                0x08000688       0x28 ./Core/Src/led/led_controller.o
 .text.short_pulse_on_cb
                0x080006b0       0x28 ./Core/Src/led/led_controller.o
 .text.short_pulse_off_cb
                0x080006d8       0x28 ./Core/Src/led/led_controller.o
 .text.long_pulse_on_cb
                0x08000700       0x28 ./Core/Src/led/led_controller.o
 .text.long_pulse_off_cb
                0x08000728       0x28 ./Core/Src/led/led_controller.o
 .text.main     0x08000750       0x5c ./Core/Src/main.o
                0x08000750                main
 .text.SystemClock_Config
                0x080007ac       0xa2 ./Core/Src/main.o
                0x080007ac                SystemClock_Config
 *fill*         0x0800084e        0x2 
 .text.MX_USART2_UART_Init
                0x08000850       0x60 ./Core/Src/main.o
 .text.MX_GPIO_Init
                0x080008b0       0xdc ./Core/Src/main.o
 .text.toggle_led
                0x0800098c       0x1e ./Core/Src/main.o
                0x0800098c                toggle_led
 *fill*         0x080009aa        0x2 
 .text.evaluate_clicks_cb
                0x080009ac       0x4c ./Core/Src/main.o
 .text.HAL_GPIO_EXTI_Callback
                0x080009f8       0xc4 ./Core/Src/main.o
                0x080009f8                HAL_GPIO_EXTI_Callback
 .text.Error_Handler
                0x08000abc        0xc ./Core/Src/main.o
                0x08000abc                Error_Handler
 .text.grow_to_fit
                0x08000ac8       0x78 ./Core/Src/schedule_controller.o
 .text.ScheduleController_Init
                0x08000b40       0x40 ./Core/Src/schedule_controller.o
                0x08000b40                ScheduleController_Init
 .text.ScheduleController_Schedule
                0x08000b80       0x98 ./Core/Src/schedule_controller.o
                0x08000b80                ScheduleController_Schedule
 .text.ScheduleController_ScheduleFromISR
                0x08000c18       0x84 ./Core/Src/schedule_controller.o
                0x08000c18                ScheduleController_ScheduleFromISR
 .text.ScheduleController_Process
                0x08000c9c       0xbc ./Core/Src/schedule_controller.o
                0x08000c9c                ScheduleController_Process
 .text.HAL_MspInit
                0x08000d58       0x48 ./Core/Src/stm32l4xx_hal_msp.o
                0x08000d58                HAL_MspInit
 .text.HAL_UART_MspInit
                0x08000da0       0xb8 ./Core/Src/stm32l4xx_hal_msp.o
                0x08000da0                HAL_UART_MspInit
 .text.NMI_Handler
                0x08000e58        0x8 ./Core/Src/stm32l4xx_it.o
                0x08000e58                NMI_Handler
 .text.HardFault_Handler
                0x08000e60        0x8 ./Core/Src/stm32l4xx_it.o
                0x08000e60                HardFault_Handler
 .text.MemManage_Handler
                0x08000e68        0x8 ./Core/Src/stm32l4xx_it.o
                0x08000e68                MemManage_Handler
 .text.BusFault_Handler
                0x08000e70        0x8 ./Core/Src/stm32l4xx_it.o
                0x08000e70                BusFault_Handler
 .text.UsageFault_Handler
                0x08000e78        0x8 ./Core/Src/stm32l4xx_it.o
                0x08000e78                UsageFault_Handler
 .text.SVC_Handler
                0x08000e80        0xe ./Core/Src/stm32l4xx_it.o
                0x08000e80                SVC_Handler
 .text.DebugMon_Handler
                0x08000e8e        0xe ./Core/Src/stm32l4xx_it.o
                0x08000e8e                DebugMon_Handler
 .text.PendSV_Handler
                0x08000e9c        0xe ./Core/Src/stm32l4xx_it.o
                0x08000e9c                PendSV_Handler
 .text.SysTick_Handler
                0x08000eaa        0xc ./Core/Src/stm32l4xx_it.o
                0x08000eaa                SysTick_Handler
 .text.EXTI15_10_IRQHandler
                0x08000eb6       0x10 ./Core/Src/stm32l4xx_it.o
                0x08000eb6                EXTI15_10_IRQHandler
 *fill*         0x08000ec6        0x2 
 .text._sbrk    0x08000ec8       0x6c ./Core/Src/sysmem.o
                0x08000ec8                _sbrk
 .text.SystemInit
                0x08000f34       0x24 ./Core/Src/system_stm32l4xx.o
                0x08000f34                SystemInit
 .text.Reset_Handler
                0x08000f58       0x50 ./Core/Startup/startup_stm32l476rgtx.o
                0x08000f58                Reset_Handler
 .text.Default_Handler
                0x08000fa8        0x2 ./Core/Startup/startup_stm32l476rgtx.o
                0x08000fa8                TIM1_BRK_TIM15_IRQHandler
                0x08000fa8                EXTI2_IRQHandler
                0x08000fa8                TIM8_TRG_COM_IRQHandler
                0x08000fa8                TIM8_CC_IRQHandler
                0x08000fa8                TIM1_CC_IRQHandler
                0x08000fa8                TSC_IRQHandler
                0x08000fa8                TAMP_STAMP_IRQHandler
                0x08000fa8                EXTI3_IRQHandler
                0x08000fa8                LPTIM2_IRQHandler
                0x08000fa8                DFSDM1_FLT1_IRQHandler
                0x08000fa8                I2C3_ER_IRQHandler
                0x08000fa8                DFSDM1_FLT2_IRQHandler
                0x08000fa8                EXTI0_IRQHandler
                0x08000fa8                I2C2_EV_IRQHandler
                0x08000fa8                CAN1_RX0_IRQHandler
                0x08000fa8                FPU_IRQHandler
                0x08000fa8                TIM1_UP_TIM16_IRQHandler
                0x08000fa8                ADC1_2_IRQHandler
                0x08000fa8                SPI1_IRQHandler
                0x08000fa8                TIM6_DAC_IRQHandler
                0x08000fa8                TIM8_UP_IRQHandler
                0x08000fa8                DMA2_Channel2_IRQHandler
                0x08000fa8                DMA1_Channel4_IRQHandler
                0x08000fa8                SAI2_IRQHandler
                0x08000fa8                DFSDM1_FLT3_IRQHandler
                0x08000fa8                USART3_IRQHandler
                0x08000fa8                DMA1_Channel7_IRQHandler
                0x08000fa8                CAN1_RX1_IRQHandler
                0x08000fa8                LCD_IRQHandler
                0x08000fa8                UART5_IRQHandler
                0x08000fa8                ADC3_IRQHandler
                0x08000fa8                TIM4_IRQHandler
                0x08000fa8                DMA2_Channel1_IRQHandler
                0x08000fa8                QUADSPI_IRQHandler
                0x08000fa8                I2C1_EV_IRQHandler
                0x08000fa8                DMA1_Channel6_IRQHandler
                0x08000fa8                UART4_IRQHandler
                0x08000fa8                DMA2_Channel4_IRQHandler
                0x08000fa8                TIM3_IRQHandler
                0x08000fa8                RCC_IRQHandler
                0x08000fa8                DMA1_Channel1_IRQHandler
                0x08000fa8                Default_Handler
                0x08000fa8                DMA2_Channel7_IRQHandler
                0x08000fa8                TIM7_IRQHandler
                0x08000fa8                SDMMC1_IRQHandler
                0x08000fa8                TIM5_IRQHandler
                0x08000fa8                I2C3_EV_IRQHandler
                0x08000fa8                EXTI9_5_IRQHandler
                0x08000fa8                RTC_WKUP_IRQHandler
                0x08000fa8                PVD_PVM_IRQHandler
                0x08000fa8                SPI2_IRQHandler
                0x08000fa8                CAN1_TX_IRQHandler
                0x08000fa8                DMA2_Channel5_IRQHandler
                0x08000fa8                DMA1_Channel5_IRQHandler
                0x08000fa8                EXTI4_IRQHandler
                0x08000fa8                RNG_IRQHandler
                0x08000fa8                TIM1_TRG_COM_TIM17_IRQHandler
                0x08000fa8                DMA1_Channel3_IRQHandler
                0x08000fa8                COMP_IRQHandler
                0x08000fa8                WWDG_IRQHandler
                0x08000fa8                LPUART1_IRQHandler
                0x08000fa8                DMA2_Channel6_IRQHandler
                0x08000fa8                TIM2_IRQHandler
                0x08000fa8                EXTI1_IRQHandler
                0x08000fa8                USART2_IRQHandler
                0x08000fa8                DFSDM1_FLT0_IRQHandler
                0x08000fa8                I2C2_ER_IRQHandler
                0x08000fa8                DMA1_Channel2_IRQHandler
                0x08000fa8                TIM8_BRK_IRQHandler
                0x08000fa8                CAN1_SCE_IRQHandler
                0x08000fa8                FLASH_IRQHandler
                0x08000fa8                USART1_IRQHandler
                0x08000fa8                OTG_FS_IRQHandler
                0x08000fa8                SPI3_IRQHandler
                0x08000fa8                I2C1_ER_IRQHandler
                0x08000fa8                FMC_IRQHandler
                0x08000fa8                SWPMI1_IRQHandler
                0x08000fa8                LPTIM1_IRQHandler
                0x08000fa8                SAI1_IRQHandler
                0x08000fa8                DMA2_Channel3_IRQHandler
                0x08000fa8                RTC_Alarm_IRQHandler
 *fill*         0x08000faa        0x2 
 .text.HAL_Init
                0x08000fac       0x40 ./Drivers/STM32L4xx_HAL_Driver/Src/stm32l4xx_hal.o
                0x08000fac                HAL_Init
 .text.HAL_InitTick
                0x08000fec       0x78 ./Drivers/STM32L4xx_HAL_Driver/Src/stm32l4xx_hal.o
                0x08000fec                HAL_InitTick
 .text.HAL_IncTick
                0x08001064       0x28 ./Drivers/STM32L4xx_HAL_Driver/Src/stm32l4xx_hal.o
                0x08001064                HAL_IncTick
 .text.HAL_GetTick
                0x0800108c       0x18 ./Drivers/STM32L4xx_HAL_Driver/Src/stm32l4xx_hal.o
                0x0800108c                HAL_GetTick
 .text.__NVIC_SetPriorityGrouping
                0x080010a4       0x48 ./Drivers/STM32L4xx_HAL_Driver/Src/stm32l4xx_hal_cortex.o
 .text.__NVIC_GetPriorityGrouping
                0x080010ec       0x1c ./Drivers/STM32L4xx_HAL_Driver/Src/stm32l4xx_hal_cortex.o
 .text.__NVIC_EnableIRQ
                0x08001108       0x3c ./Drivers/STM32L4xx_HAL_Driver/Src/stm32l4xx_hal_cortex.o
 .text.__NVIC_SetPriority
                0x08001144       0x54 ./Drivers/STM32L4xx_HAL_Driver/Src/stm32l4xx_hal_cortex.o
 .text.NVIC_EncodePriority
                0x08001198       0x66 ./Drivers/STM32L4xx_HAL_Driver/Src/stm32l4xx_hal_cortex.o
 *fill*         0x080011fe        0x2 
 .text.SysTick_Config
                0x08001200       0x44 ./Drivers/STM32L4xx_HAL_Driver/Src/stm32l4xx_hal_cortex.o
 .text.HAL_NVIC_SetPriorityGrouping
                0x08001244       0x16 ./Drivers/STM32L4xx_HAL_Driver/Src/stm32l4xx_hal_cortex.o
                0x08001244                HAL_NVIC_SetPriorityGrouping
 .text.HAL_NVIC_SetPriority
                0x0800125a       0x38 ./Drivers/STM32L4xx_HAL_Driver/Src/stm32l4xx_hal_cortex.o
                0x0800125a                HAL_NVIC_SetPriority
 .text.HAL_NVIC_EnableIRQ
                0x08001292       0x1c ./Drivers/STM32L4xx_HAL_Driver/Src/stm32l4xx_hal_cortex.o
                0x08001292                HAL_NVIC_EnableIRQ
 .text.HAL_SYSTICK_Config
                0x080012ae       0x18 ./Drivers/STM32L4xx_HAL_Driver/Src/stm32l4xx_hal_cortex.o
                0x080012ae                HAL_SYSTICK_Config
 *fill*         0x080012c6        0x2 
 .text.HAL_GPIO_Init
                0x080012c8      0x354 ./Drivers/STM32L4xx_HAL_Driver/Src/stm32l4xx_hal_gpio.o
                0x080012c8                HAL_GPIO_Init
 .text.HAL_GPIO_ReadPin
                0x0800161c       0x30 ./Drivers/STM32L4xx_HAL_Driver/Src/stm32l4xx_hal_gpio.o
                0x0800161c                HAL_GPIO_ReadPin
 .text.HAL_GPIO_WritePin
                0x0800164c       0x30 ./Drivers/STM32L4xx_HAL_Driver/Src/stm32l4xx_hal_gpio.o
                0x0800164c                HAL_GPIO_WritePin
 .text.HAL_GPIO_EXTI_IRQHandler
                0x0800167c       0x30 ./Drivers/STM32L4xx_HAL_Driver/Src/stm32l4xx_hal_gpio.o
                0x0800167c                HAL_GPIO_EXTI_IRQHandler
 .text.HAL_PWREx_GetVoltageRange
                0x080016ac       0x1c ./Drivers/STM32L4xx_HAL_Driver/Src/stm32l4xx_hal_pwr_ex.o
                0x080016ac                HAL_PWREx_GetVoltageRange
 .text.HAL_PWREx_ControlVoltageScaling
                0x080016c8       0xac ./Drivers/STM32L4xx_HAL_Driver/Src/stm32l4xx_hal_pwr_ex.o
                0x080016c8                HAL_PWREx_ControlVoltageScaling
 .text.HAL_RCC_OscConfig
                0x08001774      0x7b8 ./Drivers/STM32L4xx_HAL_Driver/Src/stm32l4xx_hal_rcc.o
                0x08001774                HAL_RCC_OscConfig
 .text.HAL_RCC_ClockConfig
                0x08001f2c      0x200 ./Drivers/STM32L4xx_HAL_Driver/Src/stm32l4xx_hal_rcc.o
                0x08001f2c                HAL_RCC_ClockConfig
 .text.HAL_RCC_GetSysClockFreq
                0x0800212c      0x118 ./Drivers/STM32L4xx_HAL_Driver/Src/stm32l4xx_hal_rcc.o
                0x0800212c                HAL_RCC_GetSysClockFreq
 .text.HAL_RCC_GetHCLKFreq
                0x08002244       0x18 ./Drivers/STM32L4xx_HAL_Driver/Src/stm32l4xx_hal_rcc.o
                0x08002244                HAL_RCC_GetHCLKFreq
 .text.HAL_RCC_GetPCLK1Freq
                0x0800225c       0x2c ./Drivers/STM32L4xx_HAL_Driver/Src/stm32l4xx_hal_rcc.o
                0x0800225c                HAL_RCC_GetPCLK1Freq
 .text.HAL_RCC_GetPCLK2Freq
                0x08002288       0x2c ./Drivers/STM32L4xx_HAL_Driver/Src/stm32l4xx_hal_rcc.o
                0x08002288                HAL_RCC_GetPCLK2Freq
 .text.RCC_SetFlashLatencyFromMSIRange
                0x080022b4       0xc0 ./Drivers/STM32L4xx_HAL_Driver/Src/stm32l4xx_hal_rcc.o
 .text.HAL_RCCEx_PeriphCLKConfig
                0x08002374      0x5d4 ./Drivers/STM32L4xx_HAL_Driver/Src/stm32l4xx_hal_rcc_ex.o
                0x08002374                HAL_RCCEx_PeriphCLKConfig
 .text.RCCEx_PLLSAI1_Config
                0x08002948      0x1e8 ./Drivers/STM32L4xx_HAL_Driver/Src/stm32l4xx_hal_rcc_ex.o
 .text.RCCEx_PLLSAI2_Config
                0x08002b30      0x1bc ./Drivers/STM32L4xx_HAL_Driver/Src/stm32l4xx_hal_rcc_ex.o
 .text.HAL_UART_Init
                0x08002cec       0x9c ./Drivers/STM32L4xx_HAL_Driver/Src/stm32l4xx_hal_uart.o
                0x08002cec                HAL_UART_Init
 .text.UART_SetConfig
                0x08002d88      0x570 ./Drivers/STM32L4xx_HAL_Driver/Src/stm32l4xx_hal_uart.o
                0x08002d88                UART_SetConfig
 .text.UART_AdvFeatureConfig
                0x080032f8      0x144 ./Drivers/STM32L4xx_HAL_Driver/Src/stm32l4xx_hal_uart.o
                0x080032f8                UART_AdvFeatureConfig
 .text.UART_CheckIdleState
                0x0800343c      0x150 ./Drivers/STM32L4xx_HAL_Driver/Src/stm32l4xx_hal_uart.o
                0x0800343c                UART_CheckIdleState
 .text.UART_WaitOnFlagUntilTimeout
                0x0800358c       0xda ./Drivers/STM32L4xx_HAL_Driver/Src/stm32l4xx_hal_uart.o
                0x0800358c                UART_WaitOnFlagUntilTimeout
 .text.UART_EndRxTransfer
                0x08003666       0xc8 ./Drivers/STM32L4xx_HAL_Driver/Src/stm32l4xx_hal_uart.o
 *fill*         0x0800372e        0x2 
 .text.malloc   0x08003730       0x10 /Applications/STM32CubeIDE.app/Contents/Eclipse/plugins/com.st.stm32cube.ide.mcu.externaltools.gnu-tools-for-stm32.14.3.rel1.macosaarch64_1.0.0.202602081740/tools/bin/../lib/gcc/arm-none-eabi/14.3.1/../../../../arm-none-eabi/lib/thumb/v7e-m+fp/hard/libc_nano.a(libc_a-malloc.o)
                0x08003730                malloc
 .text.free     0x08003740       0x10 /Applications/STM32CubeIDE.app/Contents/Eclipse/plugins/com.st.stm32cube.ide.mcu.externaltools.gnu-tools-for-stm32.14.3.rel1.macosaarch64_1.0.0.202602081740/tools/bin/../lib/gcc/arm-none-eabi/14.3.1/../../../../arm-none-eabi/lib/thumb/v7e-m+fp/hard/libc_nano.a(libc_a-malloc.o)
                0x08003740                free
 .text.sbrk_aligned
                0x08003750       0x44 /Applications/STM32CubeIDE.app/Contents/Eclipse/plugins/com.st.stm32cube.ide.mcu.externaltools.gnu-tools-for-stm32.14.3.rel1.macosaarch64_1.0.0.202602081740/tools/bin/../lib/gcc/arm-none-eabi/14.3.1/../../../../arm-none-eabi/lib/thumb/v7e-m+fp/hard/libc_nano.a(libc_a-mallocr.o)
 .text._malloc_r
                0x08003794      0x100 /Applications/STM32CubeIDE.app/Contents/Eclipse/plugins/com.st.stm32cube.ide.mcu.externaltools.gnu-tools-for-stm32.14.3.rel1.macosaarch64_1.0.0.202602081740/tools/bin/../lib/gcc/arm-none-eabi/14.3.1/../../../../arm-none-eabi/lib/thumb/v7e-m+fp/hard/libc_nano.a(libc_a-mallocr.o)
                0x08003794                _malloc_r
 .text.__malloc_lock
                0x08003894        0xc /Applications/STM32CubeIDE.app/Contents/Eclipse/plugins/com.st.stm32cube.ide.mcu.externaltools.gnu-tools-for-stm32.14.3.rel1.macosaarch64_1.0.0.202602081740/tools/bin/../lib/gcc/arm-none-eabi/14.3.1/../../../../arm-none-eabi/lib/thumb/v7e-m+fp/hard/libc_nano.a(libc_a-mlock.o)
                0x08003894                __malloc_lock
 .text.__malloc_unlock
                0x080038a0        0xc /Applications/STM32CubeIDE.app/Contents/Eclipse/plugins/com.st.stm32cube.ide.mcu.externaltools.gnu-tools-for-stm32.14.3.rel1.macosaarch64_1.0.0.202602081740/tools/bin/../lib/gcc/arm-none-eabi/14.3.1/../../../../arm-none-eabi/lib/thumb/v7e-m+fp/hard/libc_nano.a(libc_a-mlock.o)
                0x080038a0                __malloc_unlock
 .text.realloc  0x080038ac       0x10 /Applications/STM32CubeIDE.app/Contents/Eclipse/plugins/com.st.stm32cube.ide.mcu.externaltools.gnu-tools-for-stm32.14.3.rel1.macosaarch64_1.0.0.202602081740/tools/bin/../lib/gcc/arm-none-eabi/14.3.1/../../../../arm-none-eabi/lib/thumb/v7e-m+fp/hard/libc_nano.a(libc_a-realloc.o)
                0x080038ac                realloc
 .text._realloc_r
                0x080038bc       0x5c /Applications/STM32CubeIDE.app/Contents/Eclipse/plugins/com.st.stm32cube.ide.mcu.externaltools.gnu-tools-for-stm32.14.3.rel1.macosaarch64_1.0.0.202602081740/tools/bin/../lib/gcc/arm-none-eabi/14.3.1/../../../../arm-none-eabi/lib/thumb/v7e-m+fp/hard/libc_nano.a(libc_a-reallocr.o)
                0x080038bc                _realloc_r
 .text.memset   0x08003918       0x10 /Applications/STM32CubeIDE.app/Contents/Eclipse/plugins/com.st.stm32cube.ide.mcu.externaltools.gnu-tools-for-stm32.14.3.rel1.macosaarch64_1.0.0.202602081740/tools/bin/../lib/gcc/arm-none-eabi/14.3.1/../../../../arm-none-eabi/lib/thumb/v7e-m+fp/hard/libc_nano.a(libc_a-memset.o)
                0x08003918                memset
 .text._sbrk_r  0x08003928       0x20 /Applications/STM32CubeIDE.app/Contents/Eclipse/plugins/com.st.stm32cube.ide.mcu.externaltools.gnu-tools-for-stm32.14.3.rel1.macosaarch64_1.0.0.202602081740/tools/bin/../lib/gcc/arm-none-eabi/14.3.1/../../../../arm-none-eabi/lib/thumb/v7e-m+fp/hard/libc_nano.a(libc_a-sbrkr.o)
                0x08003928                _sbrk_r
 .text.__errno  0x08003948        0xc /Applications/STM32CubeIDE.app/Contents/Eclipse/plugins/com.st.stm32cube.ide.mcu.externaltools.gnu-tools-for-stm32.14.3.rel1.macosaarch64_1.0.0.202602081740/tools/bin/../lib/gcc/arm-none-eabi/14.3.1/../../../../arm-none-eabi/lib/thumb/v7e-m+fp/hard/libc_nano.a(libc_a-errno.o)
                0x08003948                __errno
 .text.__libc_init_array
                0x08003954       0x48 /Applications/STM32CubeIDE.app/Contents/Eclipse/plugins/com.st.stm32cube.ide.mcu.externaltools.gnu-tools-for-stm32.14.3.rel1.macosaarch64_1.0.0.202602081740/tools/bin/../lib/gcc/arm-none-eabi/14.3.1/../../../../arm-none-eabi/lib/thumb/v7e-m+fp/hard/libc_nano.a(libc_a-init.o)
                0x08003954                __libc_init_array
 .text.__retarget_lock_acquire_recursive
                0x0800399c        0x2 /Applications/STM32CubeIDE.app/Contents/Eclipse/plugins/com.st.stm32cube.ide.mcu.externaltools.gnu-tools-for-stm32.14.3.rel1.macosaarch64_1.0.0.202602081740/tools/bin/../lib/gcc/arm-none-eabi/14.3.1/../../../../arm-none-eabi/lib/thumb/v7e-m+fp/hard/libc_nano.a(libc_a-lock.o)
                0x0800399c                __retarget_lock_acquire_recursive
 .text.__retarget_lock_release_recursive
                0x0800399e        0x2 /Applications/STM32CubeIDE.app/Contents/Eclipse/plugins/com.st.stm32cube.ide.mcu.externaltools.gnu-tools-for-stm32.14.3.rel1.macosaarch64_1.0.0.202602081740/tools/bin/../lib/gcc/arm-none-eabi/14.3.1/../../../../arm-none-eabi/lib/thumb/v7e-m+fp/hard/libc_nano.a(libc_a-lock.o)
                0x0800399e                __retarget_lock_release_recursive
 .text.memcpy   0x080039a0       0x1c /Applications/STM32CubeIDE.app/Contents/Eclipse/plugins/com.st.stm32cube.ide.mcu.externaltools.gnu-tools-for-stm32.14.3.rel1.macosaarch64_1.0.0.202602081740/tools/bin/../lib/gcc/arm-none-eabi/14.3.1/../../../../arm-none-eabi/lib/thumb/v7e-m+fp/hard/libc_nano.a(libc_a-memcpy-stub.o)
                0x080039a0                memcpy
 .text._free_r  0x080039bc       0x94 /Applications/STM32CubeIDE.app/Contents/Eclipse/plugins/com.st.stm32cube.ide.mcu.externaltools.gnu-tools-for-stm32.14.3.rel1.macosaarch64_1.0.0.202602081740/tools/bin/../lib/gcc/arm-none-eabi/14.3.1/../../../../arm-none-eabi/lib/thumb/v7e-m+fp/hard/libc_nano.a(libc_a-freer.o)
                0x080039bc                _free_r
 .text._malloc_usable_size_r
                0x08003a50       0x10 /Applications/STM32CubeIDE.app/Contents/Eclipse/plugins/com.st.stm32cube.ide.mcu.externaltools.gnu-tools-for-stm32.14.3.rel1.macosaarch64_1.0.0.202602081740/tools/bin/../lib/gcc/arm-none-eabi/14.3.1/../../../../arm-none-eabi/lib/thumb/v7e-m+fp/hard/libc_nano.a(libc_a-msizer.o)
                0x08003a50                _malloc_usable_size_r
 *(.glue_7)
 .glue_7        0x08003a60        0x0 linker stubs
 *(.glue_7t)
 .glue_7t       0x08003a60        0x0 linker stubs
 *(.eh_frame)
 .eh_frame      0x08003a60        0x0 /Applications/STM32CubeIDE.app/Contents/Eclipse/plugins/com.st.stm32cube.ide.mcu.externaltools.gnu-tools-for-stm32.14.3.rel1.macosaarch64_1.0.0.202602081740/tools/bin/../lib/gcc/arm-none-eabi/14.3.1/thumb/v7e-m+fp/hard/crtbegin.o
 *(.init)
 .init          0x08003a60        0x4 /Applications/STM32CubeIDE.app/Contents/Eclipse/plugins/com.st.stm32cube.ide.mcu.externaltools.gnu-tools-for-stm32.14.3.rel1.macosaarch64_1.0.0.202602081740/tools/bin/../lib/gcc/arm-none-eabi/14.3.1/thumb/v7e-m+fp/hard/crti.o
                0x08003a60                _init
 .init          0x08003a64        0x8 /Applications/STM32CubeIDE.app/Contents/Eclipse/plugins/com.st.stm32cube.ide.mcu.externaltools.gnu-tools-for-stm32.14.3.rel1.macosaarch64_1.0.0.202602081740/tools/bin/../lib/gcc/arm-none-eabi/14.3.1/thumb/v7e-m+fp/hard/crtn.o
 *(.fini)
 .fini          0x08003a6c        0x4 /Applications/STM32CubeIDE.app/Contents/Eclipse/plugins/com.st.stm32cube.ide.mcu.externaltools.gnu-tools-for-stm32.14.3.rel1.macosaarch64_1.0.0.202602081740/tools/bin/../lib/gcc/arm-none-eabi/14.3.1/thumb/v7e-m+fp/hard/crti.o
                0x08003a6c                _fini
 .fini          0x08003a70        0x8 /Applications/STM32CubeIDE.app/Contents/Eclipse/plugins/com.st.stm32cube.ide.mcu.externaltools.gnu-tools-for-stm32.14.3.rel1.macosaarch64_1.0.0.202602081740/tools/bin/../lib/gcc/arm-none-eabi/14.3.1/thumb/v7e-m+fp/hard/crtn.o
                0x08003a78                        . = ALIGN (0x4)
                0x08003a78                        _etext = .

.vfp11_veneer   0x08003a78        0x0
 .vfp11_veneer  0x08003a78        0x0 linker stubs

.v4_bx          0x08003a78        0x0
 .v4_bx         0x08003a78        0x0 linker stubs

.iplt           0x08003a78        0x0
 .iplt          0x08003a78        0x0 /Applications/STM32CubeIDE.app/Contents/Eclipse/plugins/com.st.stm32cube.ide.mcu.externaltools.gnu-tools-for-stm32.14.3.rel1.macosaarch64_1.0.0.202602081740/tools/bin/../lib/gcc/arm-none-eabi/14.3.1/thumb/v7e-m+fp/hard/crtbegin.o

.rodata         0x08003a78       0x48
                0x08003a78                        . = ALIGN (0x4)
 *(.rodata)
 *(.rodata*)
 .rodata.AHBPrescTable
                0x08003a78       0x10 ./Core/Src/system_stm32l4xx.o
                0x08003a78                AHBPrescTable
 .rodata.APBPrescTable
                0x08003a88        0x8 ./Core/Src/system_stm32l4xx.o
                0x08003a88                APBPrescTable
 .rodata.MSIRangeTable
                0x08003a90       0x30 ./Core/Src/system_stm32l4xx.o
                0x08003a90                MSIRangeTable
                0x08003ac0                        . = ALIGN (0x4)

.ARM.extab      0x08003ac0        0x0
                0x08003ac0                        . = ALIGN (0x4)
 *(.ARM.extab* .gnu.linkonce.armextab.*)
                0x08003ac0                        . = ALIGN (0x4)

.ARM            0x08003ac0        0x8
                0x08003ac0                        . = ALIGN (0x4)
                0x08003ac0                        __exidx_start = .
 *(.ARM.exidx*)
 .ARM.exidx     0x08003ac0        0x8 /Applications/STM32CubeIDE.app/Contents/Eclipse/plugins/com.st.stm32cube.ide.mcu.externaltools.gnu-tools-for-stm32.14.3.rel1.macosaarch64_1.0.0.202602081740/tools/bin/../lib/gcc/arm-none-eabi/14.3.1/thumb/v7e-m+fp/hard/libgcc.a(_udivmoddi4.o)
                0x08003ac8                        __exidx_end = .
                0x08003ac8                        . = ALIGN (0x4)

.preinit_array  0x08003ac8        0x0
                0x08003ac8                        . = ALIGN (0x4)
                0x08003ac8                        PROVIDE (__preinit_array_start = .)
 *(.preinit_array*)
                0x08003ac8                        PROVIDE (__preinit_array_end = .)
                0x08003ac8                        . = ALIGN (0x4)

.init_array     0x08003ac8        0x4
                0x08003ac8                        . = ALIGN (0x4)
                0x08003ac8                        PROVIDE (__init_array_start = .)
 *(SORT_BY_NAME(.init_array.*))
 *(.init_array*)
 .init_array    0x08003ac8        0x4 /Applications/STM32CubeIDE.app/Contents/Eclipse/plugins/com.st.stm32cube.ide.mcu.externaltools.gnu-tools-for-stm32.14.3.rel1.macosaarch64_1.0.0.202602081740/tools/bin/../lib/gcc/arm-none-eabi/14.3.1/thumb/v7e-m+fp/hard/crtbegin.o
                0x08003acc                        PROVIDE (__init_array_end = .)
                0x08003acc                        . = ALIGN (0x4)

.fini_array     0x08003acc        0x4
                0x08003acc                        . = ALIGN (0x4)
                [!provide]                        PROVIDE (__fini_array_start = .)
 *(SORT_BY_NAME(.fini_array.*))
 *(.fini_array*)
 .fini_array    0x08003acc        0x4 /Applications/STM32CubeIDE.app/Contents/Eclipse/plugins/com.st.stm32cube.ide.mcu.externaltools.gnu-tools-for-stm32.14.3.rel1.macosaarch64_1.0.0.202602081740/tools/bin/../lib/gcc/arm-none-eabi/14.3.1/thumb/v7e-m+fp/hard/crtbegin.o
                [!provide]                        PROVIDE (__fini_array_end = .)
                0x08003ad0                        . = ALIGN (0x4)
                0x08003ad0                        _sidata = LOADADDR (.data)

.rel.dyn        0x08003ad0        0x0
 .rel.iplt      0x08003ad0        0x0 /Applications/STM32CubeIDE.app/Contents/Eclipse/plugins/com.st.stm32cube.ide.mcu.externaltools.gnu-tools-for-stm32.14.3.rel1.macosaarch64_1.0.0.202602081740/tools/bin/../lib/gcc/arm-none-eabi/14.3.1/thumb/v7e-m+fp/hard/crtbegin.o

.data           0x20000000       0x5c load address 0x08003ad0
                0x20000000                        . = ALIGN (0x4)
                0x20000000                        _sdata = .
 *(.data)
 *(.data*)
 .data.SystemCoreClock
                0x20000000        0x4 ./Core/Src/system_stm32l4xx.o
                0x20000000                SystemCoreClock
 .data.uwTickPrio
                0x20000004        0x4 ./Drivers/STM32L4xx_HAL_Driver/Src/stm32l4xx_hal.o
                0x20000004                uwTickPrio
 .data.uwTickFreq
                0x20000008        0x1 ./Drivers/STM32L4xx_HAL_Driver/Src/stm32l4xx_hal.o
                0x20000008                uwTickFreq
 *fill*         0x20000009        0x3 
 .data._impure_ptr
                0x2000000c        0x4 /Applications/STM32CubeIDE.app/Contents/Eclipse/plugins/com.st.stm32cube.ide.mcu.externaltools.gnu-tools-for-stm32.14.3.rel1.macosaarch64_1.0.0.202602081740/tools/bin/../lib/gcc/arm-none-eabi/14.3.1/../../../../arm-none-eabi/lib/thumb/v7e-m+fp/hard/libc_nano.a(libc_a-impure.o)
                0x2000000c                _impure_ptr
 .data._impure_data
                0x20000010       0x4c /Applications/STM32CubeIDE.app/Contents/Eclipse/plugins/com.st.stm32cube.ide.mcu.externaltools.gnu-tools-for-stm32.14.3.rel1.macosaarch64_1.0.0.202602081740/tools/bin/../lib/gcc/arm-none-eabi/14.3.1/../../../../arm-none-eabi/lib/thumb/v7e-m+fp/hard/libc_nano.a(libc_a-impure.o)
                0x20000010                _impure_data
 *(.RamFunc)
 *(.RamFunc*)
                0x2000005c                        . = ALIGN (0x4)
                0x2000005c                        _edata = .

.igot.plt       0x2000005c        0x0 load address 0x08003b2c
 .igot.plt      0x2000005c        0x0 /Applications/STM32CubeIDE.app/Contents/Eclipse/plugins/com.st.stm32cube.ide.mcu.externaltools.gnu-tools-for-stm32.14.3.rel1.macosaarch64_1.0.0.202602081740/tools/bin/../lib/gcc/arm-none-eabi/14.3.1/thumb/v7e-m+fp/hard/crtbegin.o
                0x2000005c                        . = ALIGN (0x4)

.bss            0x2000005c      0x210 load address 0x08003b2c
                0x2000005c                        _sbss = .
                0x2000005c                        __bss_start__ = _sbss
 *(.bss)
 .bss           0x2000005c       0x1c /Applications/STM32CubeIDE.app/Contents/Eclipse/plugins/com.st.stm32cube.ide.mcu.externaltools.gnu-tools-for-stm32.14.3.rel1.macosaarch64_1.0.0.202602081740/tools/bin/../lib/gcc/arm-none-eabi/14.3.1/thumb/v7e-m+fp/hard/crtbegin.o
 *(.bss*)
 .bss.current_animation
                0x20000078        0x1 ./Core/Src/led/led_controller.o
 *fill*         0x20000079        0x3 
 .bss.last_tick
                0x2000007c        0x4 ./Core/Src/led/led_controller.o
 .bss.huart2    0x20000080       0x88 ./Core/Src/main.o
                0x20000080                huart2
 .bss.press_start_time
                0x20000108        0x4 ./Core/Src/main.o
                0x20000108                press_start_time
 .bss.is_pressed
                0x2000010c        0x1 ./Core/Src/main.o
                0x2000010c                is_pressed
 .bss.click_count
                0x2000010d        0x1 ./Core/Src/main.o
                0x2000010d                click_count
 .bss.click_timer_armed
                0x2000010e        0x1 ./Core/Src/main.o
                0x2000010e                click_timer_armed
 *fill*         0x2000010f        0x1 
 .bss.g_entries
                0x20000110        0x4 ./Core/Src/schedule_controller.o
 .bss.g_count   0x20000114        0x4 ./Core/Src/schedule_controller.o
 .bss.g_cap     0x20000118        0x4 ./Core/Src/schedule_controller.o
 .bss.__sbrk_heap_end
                0x2000011c        0x4 ./Core/Src/sysmem.o
 .bss.uwTick    0x20000120        0x4 ./Drivers/STM32L4xx_HAL_Driver/Src/stm32l4xx_hal.o
                0x20000120                uwTick
 .bss.__malloc_sbrk_start
                0x20000124        0x4 /Applications/STM32CubeIDE.app/Contents/Eclipse/plugins/com.st.stm32cube.ide.mcu.externaltools.gnu-tools-for-stm32.14.3.rel1.macosaarch64_1.0.0.202602081740/tools/bin/../lib/gcc/arm-none-eabi/14.3.1/../../../../arm-none-eabi/lib/thumb/v7e-m+fp/hard/libc_nano.a(libc_a-mallocr.o)
                0x20000124                __malloc_sbrk_start
 .bss.__malloc_free_list
                0x20000128        0x4 /Applications/STM32CubeIDE.app/Contents/Eclipse/plugins/com.st.stm32cube.ide.mcu.externaltools.gnu-tools-for-stm32.14.3.rel1.macosaarch64_1.0.0.202602081740/tools/bin/../lib/gcc/arm-none-eabi/14.3.1/../../../../arm-none-eabi/lib/thumb/v7e-m+fp/hard/libc_nano.a(libc_a-mallocr.o)
                0x20000128                __malloc_free_list
 .bss.__sf      0x2000012c      0x138 /Applications/STM32CubeIDE.app/Contents/Eclipse/plugins/com.st.stm32cube.ide.mcu.externaltools.gnu-tools-for-stm32.14.3.rel1.macosaarch64_1.0.0.202602081740/tools/bin/../lib/gcc/arm-none-eabi/14.3.1/../../../../arm-none-eabi/lib/thumb/v7e-m+fp/hard/libc_nano.a(libc_a-findfp.o)
                0x2000012c                __sf
 .bss.__lock___malloc_recursive_mutex
                0x20000264        0x1 /Applications/STM32CubeIDE.app/Contents/Eclipse/plugins/com.st.stm32cube.ide.mcu.externaltools.gnu-tools-for-stm32.14.3.rel1.macosaarch64_1.0.0.202602081740/tools/bin/../lib/gcc/arm-none-eabi/14.3.1/../../../../arm-none-eabi/lib/thumb/v7e-m+fp/hard/libc_nano.a(libc_a-lock.o)
                0x20000264                __lock___malloc_recursive_mutex
 *fill*         0x20000265        0x3 
 .bss.errno     0x20000268        0x4 /Applications/STM32CubeIDE.app/Contents/Eclipse/plugins/com.st.stm32cube.ide.mcu.externaltools.gnu-tools-for-stm32.14.3.rel1.macosaarch64_1.0.0.202602081740/tools/bin/../lib/gcc/arm-none-eabi/14.3.1/../../../../arm-none-eabi/lib/thumb/v7e-m+fp/hard/libc_nano.a(libc_a-reent.o)
                0x20000268                errno
 *(COMMON)
                0x2000026c                        . = ALIGN (0x4)
                0x2000026c                        _ebss = .
                0x2000026c                        __bss_end__ = _ebss

._user_heap_stack
                0x2000026c      0x604 load address 0x08003b2c
                0x20000270                        . = ALIGN (0x8)
 *fill*         0x2000026c        0x4 
                [!provide]                        PROVIDE (end = .)
                0x20000270                        PROVIDE (_end = .)
                0x20000470                        . = (. + _Min_Heap_Size)
 *fill*         0x20000270      0x200 
                0x20000870                        . = (. + _Min_Stack_Size)
 *fill*         0x20000470      0x400 
                0x20000870                        . = ALIGN (0x8)

/DISCARD/
 libc.a(*)
 libm.a(*)
 libgcc.a(*)

.ARM.attributes
                0x00000000       0x30
 *(.ARM.attributes)
 .ARM.attributes
                0x00000000       0x22 /Applications/STM32CubeIDE.app/Contents/Eclipse/plugins/com.st.stm32cube.ide.mcu.externaltools.gnu-tools-for-stm32.14.3.rel1.macosaarch64_1.0.0.202602081740/tools/bin/../lib/gcc/arm-none-eabi/14.3.1/thumb/v7e-m+fp/hard/crti.o
 .ARM.attributes
                0x00000022       0x34 /Applications/STM32CubeIDE.app/Contents/Eclipse/plugins/com.st.stm32cube.ide.mcu.externaltools.gnu-tools-for-stm32.14.3.rel1.macosaarch64_1.0.0.202602081740/tools/bin/../lib/gcc/arm-none-eabi/14.3.1/thumb/v7e-m+fp/hard/crtbegin.o
 .ARM.attributes
                0x00000056       0x34 ./Core/Src/led/led_controller.o
 .ARM.attributes
                0x0000008a       0x34 ./Core/Src/main.o
 .ARM.attributes
                0x000000be       0x34 ./Core/Src/schedule_controller.o
 .ARM.attributes
                0x000000f2       0x34 ./Core/Src/stm32l4xx_hal_msp.o
 .ARM.attributes
                0x00000126       0x34 ./Core/Src/stm32l4xx_it.o
 .ARM.attributes
                0x0000015a       0x34 ./Core/Src/sysmem.o
 .ARM.attributes
                0x0000018e       0x34 ./Core/Src/system_stm32l4xx.o
 .ARM.attributes
                0x000001c2       0x21 ./Core/Startup/startup_stm32l476rgtx.o
 .ARM.attributes
                0x000001e3       0x34 ./Drivers/STM32L4xx_HAL_Driver/Src/stm32l4xx_hal.o
 .ARM.attributes
                0x00000217       0x34 ./Drivers/STM32L4xx_HAL_Driver/Src/stm32l4xx_hal_cortex.o
 .ARM.attributes
                0x0000024b       0x34 ./Drivers/STM32L4xx_HAL_Driver/Src/stm32l4xx_hal_gpio.o
 .ARM.attributes
                0x0000027f       0x34 ./Drivers/STM32L4xx_HAL_Driver/Src/stm32l4xx_hal_pwr_ex.o
 .ARM.attributes
                0x000002b3       0x34 ./Drivers/STM32L4xx_HAL_Driver/Src/stm32l4xx_hal_rcc.o
 .ARM.attributes
                0x000002e7       0x34 ./Drivers/STM32L4xx_HAL_Driver/Src/stm32l4xx_hal_rcc_ex.o
 .ARM.attributes
                0x0000031b       0x34 ./Drivers/STM32L4xx_HAL_Driver/Src/stm32l4xx_hal_uart.o
 .ARM.attributes
                0x0000034f       0x34 /Applications/STM32CubeIDE.app/Contents/Eclipse/plugins/com.st.stm32cube.ide.mcu.externaltools.gnu-tools-for-stm32.14.3.rel1.macosaarch64_1.0.0.202602081740/tools/bin/../lib/gcc/arm-none-eabi/14.3.1/../../../../arm-none-eabi/lib/thumb/v7e-m+fp/hard/libc_nano.a(libc_a-malloc.o)
 .ARM.attributes
                0x00000383       0x34 /Applications/STM32CubeIDE.app/Contents/Eclipse/plugins/com.st.stm32cube.ide.mcu.externaltools.gnu-tools-for-stm32.14.3.rel1.macosaarch64_1.0.0.202602081740/tools/bin/../lib/gcc/arm-none-eabi/14.3.1/../../../../arm-none-eabi/lib/thumb/v7e-m+fp/hard/libc_nano.a(libc_a-mallocr.o)
 .ARM.attributes
                0x000003b7       0x34 /Applications/STM32CubeIDE.app/Contents/Eclipse/plugins/com.st.stm32cube.ide.mcu.externaltools.gnu-tools-for-stm32.14.3.rel1.macosaarch64_1.0.0.202602081740/tools/bin/../lib/gcc/arm-none-eabi/14.3.1/../../../../arm-none-eabi/lib/thumb/v7e-m+fp/hard/libc_nano.a(libc_a-mlock.o)
 .ARM.attributes
                0x000003eb       0x34 /Applications/STM32CubeIDE.app/Contents/Eclipse/plugins/com.st.stm32cube.ide.mcu.externaltools.gnu-tools-for-stm32.14.3.rel1.macosaarch64_1.0.0.202602081740/tools/bin/../lib/gcc/arm-none-eabi/14.3.1/../../../../arm-none-eabi/lib/thumb/v7e-m+fp/hard/libc_nano.a(libc_a-realloc.o)
 .ARM.attributes
                0x0000041f       0x34 /Applications/STM32CubeIDE.app/Contents/Eclipse/plugins/com.st.stm32cube.ide.mcu.externaltools.gnu-tools-for-stm32.14.3.rel1.macosaarch64_1.0.0.202602081740/tools/bin/../lib/gcc/arm-none-eabi/14.3.1/../../../../arm-none-eabi/lib/thumb/v7e-m+fp/hard/libc_nano.a(libc_a-findfp.o)
 .ARM.attributes
                0x00000453       0x34 /Applications/STM32CubeIDE.app/Contents/Eclipse/plugins/com.st.stm32cube.ide.mcu.externaltools.gnu-tools-for-stm32.14.3.rel1.macosaarch64_1.0.0.202602081740/tools/bin/../lib/gcc/arm-none-eabi/14.3.1/../../../../arm-none-eabi/lib/thumb/v7e-m+fp/hard/libc_nano.a(libc_a-reallocr.o)
 .ARM.attributes
                0x00000487       0x34 /Applications/STM32CubeIDE.app/Contents/Eclipse/plugins/com.st.stm32cube.ide.mcu.externaltools.gnu-tools-for-stm32.14.3.rel1.macosaarch64_1.0.0.202602081740/tools/bin/../lib/gcc/arm-none-eabi/14.3.1/../../../../arm-none-eabi/lib/thumb/v7e-m+fp/hard/libc_nano.a(libc_a-memset.o)
 .ARM.attributes
                0x000004bb       0x34 /Applications/STM32CubeIDE.app/Contents/Eclipse/plugins/com.st.stm32cube.ide.mcu.externaltools.gnu-tools-for-stm32.14.3.rel1.macosaarch64_1.0.0.202602081740/tools/bin/../lib/gcc/arm-none-eabi/14.3.1/../../../../arm-none-eabi/lib/thumb/v7e-m+fp/hard/libc_nano.a(libc_a-sbrkr.o)
 .ARM.attributes
                0x000004ef       0x34 /Applications/STM32CubeIDE.app/Contents/Eclipse/plugins/com.st.stm32cube.ide.mcu.externaltools.gnu-tools-for-stm32.14.3.rel1.macosaarch64_1.0.0.202602081740/tools/bin/../lib/gcc/arm-none-eabi/14.3.1/../../../../arm-none-eabi/lib/thumb/v7e-m+fp/hard/libc_nano.a(libc_a-errno.o)
 .ARM.attributes
                0x00000523       0x34 /Applications/STM32CubeIDE.app/Contents/Eclipse/plugins/com.st.stm32cube.ide.mcu.externaltools.gnu-tools-for-stm32.14.3.rel1.macosaarch64_1.0.0.202602081740/tools/bin/../lib/gcc/arm-none-eabi/14.3.1/../../../../arm-none-eabi/lib/thumb/v7e-m+fp/hard/libc_nano.a(libc_a-init.o)
 .ARM.attributes
                0x00000557       0x34 /Applications/STM32CubeIDE.app/Contents/Eclipse/plugins/com.st.stm32cube.ide.mcu.externaltools.gnu-tools-for-stm32.14.3.rel1.macosaarch64_1.0.0.202602081740/tools/bin/../lib/gcc/arm-none-eabi/14.3.1/../../../../arm-none-eabi/lib/thumb/v7e-m+fp/hard/libc_nano.a(libc_a-lock.o)
 .ARM.attributes
                0x0000058b       0x34 /Applications/STM32CubeIDE.app/Contents/Eclipse/plugins/com.st.stm32cube.ide.mcu.externaltools.gnu-tools-for-stm32.14.3.rel1.macosaarch64_1.0.0.202602081740/tools/bin/../lib/gcc/arm-none-eabi/14.3.1/../../../../arm-none-eabi/lib/thumb/v7e-m+fp/hard/libc_nano.a(libc_a-reent.o)
 .ARM.attributes
                0x000005bf       0x34 /Applications/STM32CubeIDE.app/Contents/Eclipse/plugins/com.st.stm32cube.ide.mcu.externaltools.gnu-tools-for-stm32.14.3.rel1.macosaarch64_1.0.0.202602081740/tools/bin/../lib/gcc/arm-none-eabi/14.3.1/../../../../arm-none-eabi/lib/thumb/v7e-m+fp/hard/libc_nano.a(libc_a-impure.o)
 .ARM.attributes
                0x000005f3       0x34 /Applications/STM32CubeIDE.app/Contents/Eclipse/plugins/com.st.stm32cube.ide.mcu.externaltools.gnu-tools-for-stm32.14.3.rel1.macosaarch64_1.0.0.202602081740/tools/bin/../lib/gcc/arm-none-eabi/14.3.1/../../../../arm-none-eabi/lib/thumb/v7e-m+fp/hard/libc_nano.a(libc_a-memcpy-stub.o)
 .ARM.attributes
                0x00000627       0x34 /Applications/STM32CubeIDE.app/Contents/Eclipse/plugins/com.st.stm32cube.ide.mcu.externaltools.gnu-tools-for-stm32.14.3.rel1.macosaarch64_1.0.0.202602081740/tools/bin/../lib/gcc/arm-none-eabi/14.3.1/../../../../arm-none-eabi/lib/thumb/v7e-m+fp/hard/libc_nano.a(libc_a-freer.o)
 .ARM.attributes
                0x0000065b       0x34 /Applications/STM32CubeIDE.app/Contents/Eclipse/plugins/com.st.stm32cube.ide.mcu.externaltools.gnu-tools-for-stm32.14.3.rel1.macosaarch64_1.0.0.202602081740/tools/bin/../lib/gcc/arm-none-eabi/14.3.1/../../../../arm-none-eabi/lib/thumb/v7e-m+fp/hard/libc_nano.a(libc_a-msizer.o)
 .ARM.attributes
                0x0000068f       0x22 /Applications/STM32CubeIDE.app/Contents/Eclipse/plugins/com.st.stm32cube.ide.mcu.externaltools.gnu-tools-for-stm32.14.3.rel1.macosaarch64_1.0.0.202602081740/tools/bin/../lib/gcc/arm-none-eabi/14.3.1/thumb/v7e-m+fp/hard/libgcc.a(_aeabi_uldivmod.o)
 .ARM.attributes
                0x000006b1       0x34 /Applications/STM32CubeIDE.app/Contents/Eclipse/plugins/com.st.stm32cube.ide.mcu.externaltools.gnu-tools-for-stm32.14.3.rel1.macosaarch64_1.0.0.202602081740/tools/bin/../lib/gcc/arm-none-eabi/14.3.1/thumb/v7e-m+fp/hard/libgcc.a(_udivmoddi4.o)
 .ARM.attributes
                0x000006e5       0x22 /Applications/STM32CubeIDE.app/Contents/Eclipse/plugins/com.st.stm32cube.ide.mcu.externaltools.gnu-tools-for-stm32.14.3.rel1.macosaarch64_1.0.0.202602081740/tools/bin/../lib/gcc/arm-none-eabi/14.3.1/thumb/v7e-m+fp/hard/libgcc.a(_dvmd_tls.o)
 .ARM.attributes
                0x00000707       0x22 /Applications/STM32CubeIDE.app/Contents/Eclipse/plugins/com.st.stm32cube.ide.mcu.externaltools.gnu-tools-for-stm32.14.3.rel1.macosaarch64_1.0.0.202602081740/tools/bin/../lib/gcc/arm-none-eabi/14.3.1/thumb/v7e-m+fp/hard/crtn.o
OUTPUT(TasksArturAll.elf elf32-littlearm)
LOAD linker stubs
LOAD /Applications/STM32CubeIDE.app/Contents/Eclipse/plugins/com.st.stm32cube.ide.mcu.externaltools.gnu-tools-for-stm32.14.3.rel1.macosaarch64_1.0.0.202602081740/tools/bin/../lib/gcc/arm-none-eabi/14.3.1/../../../../arm-none-eabi/lib/thumb/v7e-m+fp/hard/libc.a
LOAD /Applications/STM32CubeIDE.app/Contents/Eclipse/plugins/com.st.stm32cube.ide.mcu.externaltools.gnu-tools-for-stm32.14.3.rel1.macosaarch64_1.0.0.202602081740/tools/bin/../lib/gcc/arm-none-eabi/14.3.1/../../../../arm-none-eabi/lib/thumb/v7e-m+fp/hard/libm.a
LOAD /Applications/STM32CubeIDE.app/Contents/Eclipse/plugins/com.st.stm32cube.ide.mcu.externaltools.gnu-tools-for-stm32.14.3.rel1.macosaarch64_1.0.0.202602081740/tools/bin/../lib/gcc/arm-none-eabi/14.3.1/thumb/v7e-m+fp/hard/libgcc.a

.debug_info     0x00000000     0xb1d8
 .debug_info    0x00000000      0x509 ./Core/Src/led/led_controller.o
 .debug_info    0x00000509     0x110d ./Core/Src/main.o
 .debug_info    0x00001616      0x415 ./Core/Src/schedule_controller.o
 .debug_info    0x00001a2b      0xd15 ./Core/Src/stm32l4xx_hal_msp.o
 .debug_info    0x00002740      0x190 ./Core/Src/stm32l4xx_it.o
 .debug_info    0x000028d0      0x168 ./Core/Src/sysmem.o
 .debug_info    0x00002a38      0x5e2 ./Core/Src/system_stm32l4xx.o
 .debug_info    0x0000301a       0x30 ./Core/Startup/startup_stm32l476rgtx.o
 .debug_info    0x0000304a      0xc4d ./Drivers/STM32L4xx_HAL_Driver/Src/stm32l4xx_hal.o
 .debug_info    0x00003c97      0xdad ./Drivers/STM32L4xx_HAL_Driver/Src/stm32l4xx_hal_cortex.o
 .debug_info    0x00004a44      0x79f ./Drivers/STM32L4xx_HAL_Driver/Src/stm32l4xx_hal_gpio.o
 .debug_info    0x000051e3      0x9ca ./Drivers/STM32L4xx_HAL_Driver/Src/stm32l4xx_hal_pwr_ex.o
 .debug_info    0x00005bad      0xc45 ./Drivers/STM32L4xx_HAL_Driver/Src/stm32l4xx_hal_rcc.o
 .debug_info    0x000067f2      0xe58 ./Drivers/STM32L4xx_HAL_Driver/Src/stm32l4xx_hal_rcc_ex.o
 .debug_info    0x0000764a     0x3b8e ./Drivers/STM32L4xx_HAL_Driver/Src/stm32l4xx_hal_uart.o

.debug_abbrev   0x00000000     0x1c99
 .debug_abbrev  0x00000000      0x1a5 ./Core/Src/led/led_controller.o
 .debug_abbrev  0x000001a5      0x2ed ./Core/Src/main.o
 .debug_abbrev  0x00000492      0x1d8 ./Core/Src/schedule_controller.o
 .debug_abbrev  0x0000066a      0x1d1 ./Core/Src/stm32l4xx_hal_msp.o
 .debug_abbrev  0x0000083b       0xca ./Core/Src/stm32l4xx_it.o
 .debug_abbrev  0x00000905       0xbc ./Core/Src/sysmem.o
 .debug_abbrev  0x000009c1      0x117 ./Core/Src/system_stm32l4xx.o
 .debug_abbrev  0x00000ad8       0x24 ./Core/Startup/startup_stm32l476rgtx.o
 .debug_abbrev  0x00000afc      0x243 ./Drivers/STM32L4xx_HAL_Driver/Src/stm32l4xx_hal.o
 .debug_abbrev  0x00000d3f      0x31c ./Drivers/STM32L4xx_HAL_Driver/Src/stm32l4xx_hal_cortex.o
 .debug_abbrev  0x0000105b      0x1d1 ./Drivers/STM32L4xx_HAL_Driver/Src/stm32l4xx_hal_gpio.o
 .debug_abbrev  0x0000122c      0x1f9 ./Drivers/STM32L4xx_HAL_Driver/Src/stm32l4xx_hal_pwr_ex.o
 .debug_abbrev  0x00001425      0x2dc ./Drivers/STM32L4xx_HAL_Driver/Src/stm32l4xx_hal_rcc.o
 .debug_abbrev  0x00001701      0x2a5 ./Drivers/STM32L4xx_HAL_Driver/Src/stm32l4xx_hal_rcc_ex.o
 .debug_abbrev  0x000019a6      0x2f3 ./Drivers/STM32L4xx_HAL_Driver/Src/stm32l4xx_hal_uart.o

.debug_aranges  0x00000000      0x9a8
 .debug_aranges
                0x00000000       0x80 ./Core/Src/led/led_controller.o
 .debug_aranges
                0x00000080       0x58 ./Core/Src/main.o
 .debug_aranges
                0x000000d8       0x40 ./Core/Src/schedule_controller.o
 .debug_aranges
                0x00000118       0x30 ./Core/Src/stm32l4xx_hal_msp.o
 .debug_aranges
                0x00000148       0x68 ./Core/Src/stm32l4xx_it.o
 .debug_aranges
                0x000001b0       0x20 ./Core/Src/sysmem.o
 .debug_aranges
                0x000001d0       0x28 ./Core/Src/system_stm32l4xx.o
 .debug_aranges
                0x000001f8       0x28 ./Core/Startup/startup_stm32l476rgtx.o
 .debug_aranges
                0x00000220      0x130 ./Drivers/STM32L4xx_HAL_Driver/Src/stm32l4xx_hal.o
 .debug_aranges
                0x00000350      0x128 ./Drivers/STM32L4xx_HAL_Driver/Src/stm32l4xx_hal_cortex.o
 .debug_aranges
                0x00000478       0x58 ./Drivers/STM32L4xx_HAL_Driver/Src/stm32l4xx_hal_gpio.o
 .debug_aranges
                0x000004d0      0x160 ./Drivers/STM32L4xx_HAL_Driver/Src/stm32l4xx_hal_pwr_ex.o
 .debug_aranges
                0x00000630       0x90 ./Drivers/STM32L4xx_HAL_Driver/Src/stm32l4xx_hal_rcc.o
 .debug_aranges
                0x000006c0       0xc0 ./Drivers/STM32L4xx_HAL_Driver/Src/stm32l4xx_hal_rcc_ex.o
 .debug_aranges
                0x00000780      0x228 ./Drivers/STM32L4xx_HAL_Driver/Src/stm32l4xx_hal_uart.o

.debug_rnglists
                0x00000000      0x756
 .debug_rnglists
                0x00000000       0x5c ./Core/Src/led/led_controller.o
 .debug_rnglists
                0x0000005c       0x40 ./Core/Src/main.o
 .debug_rnglists
                0x0000009c       0x2e ./Core/Src/schedule_controller.o
 .debug_rnglists
                0x000000ca       0x20 ./Core/Src/stm32l4xx_hal_msp.o
 .debug_rnglists
                0x000000ea       0x49 ./Core/Src/stm32l4xx_it.o
 .debug_rnglists
                0x00000133       0x13 ./Core/Src/sysmem.o
 .debug_rnglists
                0x00000146       0x1a ./Core/Src/system_stm32l4xx.o
 .debug_rnglists
                0x00000160       0x19 ./Core/Startup/startup_stm32l476rgtx.o
 .debug_rnglists
                0x00000179       0xdf ./Drivers/STM32L4xx_HAL_Driver/Src/stm32l4xx_hal.o
 .debug_rnglists
                0x00000258       0xda ./Drivers/STM32L4xx_HAL_Driver/Src/stm32l4xx_hal_cortex.o
 .debug_rnglists
                0x00000332       0x3f ./Drivers/STM32L4xx_HAL_Driver/Src/stm32l4xx_hal_gpio.o
 .debug_rnglists
                0x00000371      0x109 ./Drivers/STM32L4xx_HAL_Driver/Src/stm32l4xx_hal_pwr_ex.o
 .debug_rnglists
                0x0000047a       0x6d ./Drivers/STM32L4xx_HAL_Driver/Src/stm32l4xx_hal_rcc.o
 .debug_rnglists
                0x000004e7       0x95 ./Drivers/STM32L4xx_HAL_Driver/Src/stm32l4xx_hal_rcc_ex.o
 .debug_rnglists
                0x0000057c      0x1da ./Drivers/STM32L4xx_HAL_Driver/Src/stm32l4xx_hal_uart.o

.debug_macro    0x00000000    0x26089
 .debug_macro   0x00000000      0x1e6 ./Core/Src/led/led_controller.o
 .debug_macro   0x000001e6      0xad8 ./Core/Src/led/led_controller.o
 .debug_macro   0x00000cbe      0x1a1 ./Core/Src/led/led_controller.o
 .debug_macro   0x00000e5f       0x2e ./Core/Src/led/led_controller.o
 .debug_macro   0x00000e8d       0x28 ./Core/Src/led/led_controller.o
 .debug_macro   0x00000eb5       0x22 ./Core/Src/led/led_controller.o
 .debug_macro   0x00000ed7       0x8e ./Core/Src/led/led_controller.o
 .debug_macro   0x00000f65       0x51 ./Core/Src/led/led_controller.o
 .debug_macro   0x00000fb6      0x103 ./Core/Src/led/led_controller.o
 .debug_macro   0x000010b9       0x6a ./Core/Src/led/led_controller.o
 .debug_macro   0x00001123      0x1df ./Core/Src/led/led_controller.o
 .debug_macro   0x00001302       0x1c ./Core/Src/led/led_controller.o
 .debug_macro   0x0000131e       0x22 ./Core/Src/led/led_controller.o
 .debug_macro   0x00001340       0xfb ./Core/Src/led/led_controller.o
 .debug_macro   0x0000143b     0x1011 ./Core/Src/led/led_controller.o
 .debug_macro   0x0000244c      0x11f ./Core/Src/led/led_controller.o
 .debug_macro   0x0000256b    0x1a192 ./Core/Src/led/led_controller.o
 .debug_macro   0x0001c6fd       0x6d ./Core/Src/led/led_controller.o
 .debug_macro   0x0001c76a     0x38fb ./Core/Src/led/led_controller.o
 .debug_macro   0x00020065      0x190 ./Core/Src/led/led_controller.o
 .debug_macro   0x000201f5       0x5c ./Core/Src/led/led_controller.o
 .debug_macro   0x00020251     0x159e ./Core/Src/led/led_controller.o
 .debug_macro   0x000217ef      0x5a5 ./Core/Src/led/led_controller.o
 .debug_macro   0x00021d94      0x1b9 ./Core/Src/led/led_controller.o
 .debug_macro   0x00021f4d      0x18b ./Core/Src/led/led_controller.o
 .debug_macro   0x000220d8      0x2c4 ./Core/Src/led/led_controller.o
 .debug_macro   0x0002239c      0x27a ./Core/Src/led/led_controller.o
 .debug_macro   0x00022616      0x23d ./Core/Src/led/led_controller.o
 .debug_macro   0x00022853      0x241 ./Core/Src/led/led_controller.o
 .debug_macro   0x00022a94      0x37c ./Core/Src/led/led_controller.o
 .debug_macro   0x00022e10       0xd6 ./Core/Src/led/led_controller.o
 .debug_macro   0x00022ee6      0x122 ./Core/Src/led/led_controller.o
 .debug_macro   0x00023008      0x3ef ./Core/Src/led/led_controller.o
 .debug_macro   0x000233f7      0x5cf ./Core/Src/led/led_controller.o
 .debug_macro   0x000239c6       0x44 ./Core/Src/led/led_controller.o
 .debug_macro   0x00023a0a      0x330 ./Core/Src/led/led_controller.o
 .debug_macro   0x00023d3a       0x5e ./Core/Src/led/led_controller.o
 .debug_macro   0x00023d98      0x1e6 ./Core/Src/main.o
 .debug_macro   0x00023f7e      0x2da ./Core/Src/schedule_controller.o
 .debug_macro   0x00024258       0x2a ./Core/Src/schedule_controller.o
 .debug_macro   0x00024282       0x61 ./Core/Src/schedule_controller.o
 .debug_macro   0x000242e3       0x43 ./Core/Src/schedule_controller.o
 .debug_macro   0x00024326       0x34 ./Core/Src/schedule_controller.o
 .debug_macro   0x0002435a       0x16 ./Core/Src/schedule_controller.o
 .debug_macro   0x00024370       0x3c ./Core/Src/schedule_controller.o
 .debug_macro   0x000243ac      0x364 ./Core/Src/schedule_controller.o
 .debug_macro   0x00024710       0x16 ./Core/Src/schedule_controller.o
 .debug_macro   0x00024726       0x4a ./Core/Src/schedule_controller.o
 .debug_macro   0x00024770       0x34 ./Core/Src/schedule_controller.o
 .debug_macro   0x000247a4       0x10 ./Core/Src/schedule_controller.o
 .debug_macro   0x000247b4       0x58 ./Core/Src/schedule_controller.o
 .debug_macro   0x0002480c       0x8e ./Core/Src/schedule_controller.o
 .debug_macro   0x0002489a       0x1c ./Core/Src/schedule_controller.o
 .debug_macro   0x000248b6      0x17e ./Core/Src/schedule_controller.o
 .debug_macro   0x00024a34       0x16 ./Core/Src/schedule_controller.o
 .debug_macro   0x00024a4a       0x29 ./Core/Src/schedule_controller.o
 .debug_macro   0x00024a73       0x16 ./Core/Src/schedule_controller.o
 .debug_macro   0x00024a89       0x20 ./Core/Src/schedule_controller.o
 .debug_macro   0x00024aa9      0x1ca ./Core/Src/stm32l4xx_hal_msp.o
 .debug_macro   0x00024c73      0x1d4 ./Core/Src/stm32l4xx_it.o
 .debug_macro   0x00024e47      0x112 ./Core/Src/sysmem.o
 .debug_macro   0x00024f59      0x23c ./Core/Src/sysmem.o
 .debug_macro   0x00025195      0x1bb ./Core/Src/system_stm32l4xx.o
 .debug_macro   0x00025350      0x209 ./Drivers/STM32L4xx_HAL_Driver/Src/stm32l4xx_hal.o
 .debug_macro   0x00025559      0x1bb ./Drivers/STM32L4xx_HAL_Driver/Src/stm32l4xx_hal_cortex.o
 .debug_macro   0x00025714      0x1c2 ./Drivers/STM32L4xx_HAL_Driver/Src/stm32l4xx_hal_gpio.o
 .debug_macro   0x000258d6      0x1df ./Drivers/STM32L4xx_HAL_Driver/Src/stm32l4xx_hal_pwr_ex.o
 .debug_macro   0x00025ab5      0x1fd ./Drivers/STM32L4xx_HAL_Driver/Src/stm32l4xx_hal_rcc.o
 .debug_macro   0x00025cb2      0x1f1 ./Drivers/STM32L4xx_HAL_Driver/Src/stm32l4xx_hal_rcc_ex.o
 .debug_macro   0x00025ea3      0x1e6 ./Drivers/STM32L4xx_HAL_Driver/Src/stm32l4xx_hal_uart.o

.debug_line     0x00000000     0xb9a6
 .debug_line    0x00000000      0x8a1 ./Core/Src/led/led_controller.o
 .debug_line    0x000008a1      0x8dd ./Core/Src/main.o
 .debug_line    0x0000117e      0xab0 ./Core/Src/schedule_controller.o
 .debug_line    0x00001c2e      0x738 ./Core/Src/stm32l4xx_hal_msp.o
 .debug_line    0x00002366      0x79c ./Core/Src/stm32l4xx_it.o
 .debug_line    0x00002b02      0x53a ./Core/Src/sysmem.o
 .debug_line    0x0000303c      0x773 ./Core/Src/system_stm32l4xx.o
 .debug_line    0x000037af       0x7a ./Core/Startup/startup_stm32l476rgtx.o
 .debug_line    0x00003829      0xadf ./Drivers/STM32L4xx_HAL_Driver/Src/stm32l4xx_hal.o
 .debug_line    0x00004308      0xc76 ./Drivers/STM32L4xx_HAL_Driver/Src/stm32l4xx_hal_cortex.o
 .debug_line    0x00004f7e      0xb2f ./Drivers/STM32L4xx_HAL_Driver/Src/stm32l4xx_hal_gpio.o
 .debug_line    0x00005aad      0xcbd ./Drivers/STM32L4xx_HAL_Driver/Src/stm32l4xx_hal_pwr_ex.o
 .debug_line    0x0000676a     0x1030 ./Drivers/STM32L4xx_HAL_Driver/Src/stm32l4xx_hal_rcc.o
 .debug_line    0x0000779a     0x14fe ./Drivers/STM32L4xx_HAL_Driver/Src/stm32l4xx_hal_rcc_ex.o
 .debug_line    0x00008c98     0x2d0e ./Drivers/STM32L4xx_HAL_Driver/Src/stm32l4xx_hal_uart.o

.debug_str      0x00000000    0xe91b6
 .debug_str     0x00000000    0xe91b6 ./Core/Src/led/led_controller.o
                              0xe2bc0 (size before relaxing)
 .debug_str     0x000e91b6    0xe3764 ./Core/Src/main.o
 .debug_str     0x000e91b6    0xe5c34 ./Core/Src/schedule_controller.o
 .debug_str     0x000e91b6    0xe3181 ./Core/Src/stm32l4xx_hal_msp.o
 .debug_str     0x000e91b6    0xe2937 ./Core/Src/stm32l4xx_it.o
 .debug_str     0x000e91b6     0x7708 ./Core/Src/sysmem.o
 .debug_str     0x000e91b6    0xe292f ./Core/Src/system_stm32l4xx.o
 .debug_str     0x000e91b6       0x80 ./Core/Startup/startup_stm32l476rgtx.o
 .debug_str     0x000e91b6    0xe3543 ./Drivers/STM32L4xx_HAL_Driver/Src/stm32l4xx_hal.o
 .debug_str     0x000e91b6    0xe31a8 ./Drivers/STM32L4xx_HAL_Driver/Src/stm32l4xx_hal_cortex.o
 .debug_str     0x000e91b6    0xe2aba ./Drivers/STM32L4xx_HAL_Driver/Src/stm32l4xx_hal_gpio.o
 .debug_str     0x000e91b6    0xe2e8a ./Drivers/STM32L4xx_HAL_Driver/Src/stm32l4xx_hal_pwr_ex.o
 .debug_str     0x000e91b6    0xe2f75 ./Drivers/STM32L4xx_HAL_Driver/Src/stm32l4xx_hal_rcc.o
 .debug_str     0x000e91b6    0xe3100 ./Drivers/STM32L4xx_HAL_Driver/Src/stm32l4xx_hal_rcc_ex.o
 .debug_str     0x000e91b6    0xe3687 ./Drivers/STM32L4xx_HAL_Driver/Src/stm32l4xx_hal_uart.o

.comment        0x00000000       0x43
 .comment       0x00000000       0x43 ./Core/Src/led/led_controller.o
                                 0x44 (size before relaxing)
 .comment       0x00000043       0x44 ./Core/Src/main.o
 .comment       0x00000043       0x44 ./Core/Src/schedule_controller.o
 .comment       0x00000043       0x44 ./Core/Src/stm32l4xx_hal_msp.o
 .comment       0x00000043       0x44 ./Core/Src/stm32l4xx_it.o
 .comment       0x00000043       0x44 ./Core/Src/sysmem.o
 .comment       0x00000043       0x44 ./Core/Src/system_stm32l4xx.o
 .comment       0x00000043       0x44 ./Drivers/STM32L4xx_HAL_Driver/Src/stm32l4xx_hal.o
 .comment       0x00000043       0x44 ./Drivers/STM32L4xx_HAL_Driver/Src/stm32l4xx_hal_cortex.o
 .comment       0x00000043       0x44 ./Drivers/STM32L4xx_HAL_Driver/Src/stm32l4xx_hal_gpio.o
 .comment       0x00000043       0x44 ./Drivers/STM32L4xx_HAL_Driver/Src/stm32l4xx_hal_pwr_ex.o
 .comment       0x00000043       0x44 ./Drivers/STM32L4xx_HAL_Driver/Src/stm32l4xx_hal_rcc.o
 .comment       0x00000043       0x44 ./Drivers/STM32L4xx_HAL_Driver/Src/stm32l4xx_hal_rcc_ex.o
 .comment       0x00000043       0x44 ./Drivers/STM32L4xx_HAL_Driver/Src/stm32l4xx_hal_uart.o

.debug_frame    0x00000000     0x2758
 .debug_frame   0x00000000      0x194 ./Core/Src/led/led_controller.o
 .debug_frame   0x00000194      0x110 ./Core/Src/main.o
 .debug_frame   0x000002a4       0xbc ./Core/Src/schedule_controller.o
 .debug_frame   0x00000360       0x80 ./Core/Src/stm32l4xx_hal_msp.o
 .debug_frame   0x000003e0      0x114 ./Core/Src/stm32l4xx_it.o
 .debug_frame   0x000004f4       0x34 ./Core/Src/sysmem.o
 .debug_frame   0x00000528       0x50 ./Core/Src/system_stm32l4xx.o
 .debug_frame   0x00000578      0x424 ./Drivers/STM32L4xx_HAL_Driver/Src/stm32l4xx_hal.o
 .debug_frame   0x0000099c      0x49c ./Drivers/STM32L4xx_HAL_Driver/Src/stm32l4xx_hal_cortex.o
 .debug_frame   0x00000e38      0x130 ./Drivers/STM32L4xx_HAL_Driver/Src/stm32l4xx_hal_gpio.o
 .debug_frame   0x00000f68      0x4ec ./Drivers/STM32L4xx_HAL_Driver/Src/stm32l4xx_hal_pwr_ex.o
 .debug_frame   0x00001454      0x200 ./Drivers/STM32L4xx_HAL_Driver/Src/stm32l4xx_hal_rcc.o
 .debug_frame   0x00001654      0x2d4 ./Drivers/STM32L4xx_HAL_Driver/Src/stm32l4xx_hal_rcc_ex.o
 .debug_frame   0x00001928      0x980 ./Drivers/STM32L4xx_HAL_Driver/Src/stm32l4xx_hal_uart.o
 .debug_frame   0x000022a8       0x30 /Applications/STM32CubeIDE.app/Contents/Eclipse/plugins/com.st.stm32cube.ide.mcu.externaltools.gnu-tools-for-stm32.14.3.rel1.macosaarch64_1.0.0.202602081740/tools/bin/../lib/gcc/arm-none-eabi/14.3.1/../../../../arm-none-eabi/lib/thumb/v7e-m+fp/hard/libc_nano.a(libc_a-malloc.o)
 .debug_frame   0x000022d8       0x50 /Applications/STM32CubeIDE.app/Contents/Eclipse/plugins/com.st.stm32cube.ide.mcu.externaltools.gnu-tools-for-stm32.14.3.rel1.macosaarch64_1.0.0.202602081740/tools/bin/../lib/gcc/arm-none-eabi/14.3.1/../../../../arm-none-eabi/lib/thumb/v7e-m+fp/hard/libc_nano.a(libc_a-mallocr.o)
 .debug_frame   0x00002328       0x30 /Applications/STM32CubeIDE.app/Contents/Eclipse/plugins/com.st.stm32cube.ide.mcu.externaltools.gnu-tools-for-stm32.14.3.rel1.macosaarch64_1.0.0.202602081740/tools/bin/../lib/gcc/arm-none-eabi/14.3.1/../../../../arm-none-eabi/lib/thumb/v7e-m+fp/hard/libc_nano.a(libc_a-mlock.o)
 .debug_frame   0x00002358       0x20 /Applications/STM32CubeIDE.app/Contents/Eclipse/plugins/com.st.stm32cube.ide.mcu.externaltools.gnu-tools-for-stm32.14.3.rel1.macosaarch64_1.0.0.202602081740/tools/bin/../lib/gcc/arm-none-eabi/14.3.1/../../../../arm-none-eabi/lib/thumb/v7e-m+fp/hard/libc_nano.a(libc_a-realloc.o)
 .debug_frame   0x00002378      0x144 /Applications/STM32CubeIDE.app/Contents/Eclipse/plugins/com.st.stm32cube.ide.mcu.externaltools.gnu-tools-for-stm32.14.3.rel1.macosaarch64_1.0.0.202602081740/tools/bin/../lib/gcc/arm-none-eabi/14.3.1/../../../../arm-none-eabi/lib/thumb/v7e-m+fp/hard/libc_nano.a(libc_a-findfp.o)
 .debug_frame   0x000024bc       0x3c /Applications/STM32CubeIDE.app/Contents/Eclipse/plugins/com.st.stm32cube.ide.mcu.externaltools.gnu-tools-for-stm32.14.3.rel1.macosaarch64_1.0.0.202602081740/tools/bin/../lib/gcc/arm-none-eabi/14.3.1/../../../../arm-none-eabi/lib/thumb/v7e-m+fp/hard/libc_nano.a(libc_a-reallocr.o)
 .debug_frame   0x000024f8       0x20 /Applications/STM32CubeIDE.app/Contents/Eclipse/plugins/com.st.stm32cube.ide.mcu.externaltools.gnu-tools-for-stm32.14.3.rel1.macosaarch64_1.0.0.202602081740/tools/bin/../lib/gcc/arm-none-eabi/14.3.1/../../../../arm-none-eabi/lib/thumb/v7e-m+fp/hard/libc_nano.a(libc_a-memset.o)
 .debug_frame   0x00002518       0x2c /Applications/STM32CubeIDE.app/Contents/Eclipse/plugins/com.st.stm32cube.ide.mcu.externaltools.gnu-tools-for-stm32.14.3.rel1.macosaarch64_1.0.0.202602081740/tools/bin/../lib/gcc/arm-none-eabi/14.3.1/../../../../arm-none-eabi/lib/thumb/v7e-m+fp/hard/libc_nano.a(libc_a-sbrkr.o)
 .debug_frame   0x00002544       0x20 /Applications/STM32CubeIDE.app/Contents/Eclipse/plugins/com.st.stm32cube.ide.mcu.externaltools.gnu-tools-for-stm32.14.3.rel1.macosaarch64_1.0.0.202602081740/tools/bin/../lib/gcc/arm-none-eabi/14.3.1/../../../../arm-none-eabi/lib/thumb/v7e-m+fp/hard/libc_nano.a(libc_a-errno.o)
 .debug_frame   0x00002564       0x2c /Applications/STM32CubeIDE.app/Contents/Eclipse/plugins/com.st.stm32cube.ide.mcu.externaltools.gnu-tools-for-stm32.14.3.rel1.macosaarch64_1.0.0.202602081740/tools/bin/../lib/gcc/arm-none-eabi/14.3.1/../../../../arm-none-eabi/lib/thumb/v7e-m+fp/hard/libc_nano.a(libc_a-init.o)
 .debug_frame   0x00002590       0xb0 /Applications/STM32CubeIDE.app/Contents/Eclipse/plugins/com.st.stm32cube.ide.mcu.externaltools.gnu-tools-for-stm32.14.3.rel1.macosaarch64_1.0.0.202602081740/tools/bin/../lib/gcc/arm-none-eabi/14.3.1/../../../../arm-none-eabi/lib/thumb/v7e-m+fp/hard/libc_nano.a(libc_a-lock.o)
 .debug_frame   0x00002640       0x38 /Applications/STM32CubeIDE.app/Contents/Eclipse/plugins/com.st.stm32cube.ide.mcu.externaltools.gnu-tools-for-stm32.14.3.rel1.macosaarch64_1.0.0.202602081740/tools/bin/../lib/gcc/arm-none-eabi/14.3.1/../../../../arm-none-eabi/lib/thumb/v7e-m+fp/hard/libc_nano.a(libc_a-reent.o)
 .debug_frame   0x00002678       0x28 /Applications/STM32CubeIDE.app/Contents/Eclipse/plugins/com.st.stm32cube.ide.mcu.externaltools.gnu-tools-for-stm32.14.3.rel1.macosaarch64_1.0.0.202602081740/tools/bin/../lib/gcc/arm-none-eabi/14.3.1/../../../../arm-none-eabi/lib/thumb/v7e-m+fp/hard/libc_nano.a(libc_a-memcpy-stub.o)
 .debug_frame   0x000026a0       0x38 /Applications/STM32CubeIDE.app/Contents/Eclipse/plugins/com.st.stm32cube.ide.mcu.externaltools.gnu-tools-for-stm32.14.3.rel1.macosaarch64_1.0.0.202602081740/tools/bin/../lib/gcc/arm-none-eabi/14.3.1/../../../../arm-none-eabi/lib/thumb/v7e-m+fp/hard/libc_nano.a(libc_a-freer.o)
 .debug_frame   0x000026d8       0x20 /Applications/STM32CubeIDE.app/Contents/Eclipse/plugins/com.st.stm32cube.ide.mcu.externaltools.gnu-tools-for-stm32.14.3.rel1.macosaarch64_1.0.0.202602081740/tools/bin/../lib/gcc/arm-none-eabi/14.3.1/../../../../arm-none-eabi/lib/thumb/v7e-m+fp/hard/libc_nano.a(libc_a-msizer.o)
 .debug_frame   0x000026f8       0x2c /Applications/STM32CubeIDE.app/Contents/Eclipse/plugins/com.st.stm32cube.ide.mcu.externaltools.gnu-tools-for-stm32.14.3.rel1.macosaarch64_1.0.0.202602081740/tools/bin/../lib/gcc/arm-none-eabi/14.3.1/thumb/v7e-m+fp/hard/libgcc.a(_aeabi_uldivmod.o)
 .debug_frame   0x00002724       0x34 /Applications/STM32CubeIDE.app/Contents/Eclipse/plugins/com.st.stm32cube.ide.mcu.externaltools.gnu-tools-for-stm32.14.3.rel1.macosaarch64_1.0.0.202602081740/tools/bin/../lib/gcc/arm-none-eabi/14.3.1/thumb/v7e-m+fp/hard/libgcc.a(_udivmoddi4.o)

.debug_line_str
                0x00000000       0x64
 .debug_line_str
                0x00000000       0x64 ./Core/Startup/startup_stm32l476rgtx.o
